1100000000001001001000011111101101001101000100101101100001001010
