0011111111101111111101111100111011011001000101101000011100101011
