1011111111110011100001010001111010111000010100011110101110000101
